<html>
<body>
<pre>
<h1>礦ision Build Log</h1>
<h2>Tool Versions:</h2>
IDE-Version: μVision V5.14.0.0
Copyright (C) 2015 ARM Ltd and ARM Germany GmbH. All rights reserved.
License Information: jiao mark, buu, LIC=HF8RA-1M0W5-15ETV-PGBA6-K0DQ5-F0NT5
 
Tool Versions:
Toolchain:       MDK-ARM Professional  Version: 5.14.0.0
Toolchain Path:  E:\MDK5\ARM\ARMCC\Bin
C Compiler:      Armcc.exe V5.05 update 1 (build 106)
Assembler:       Armasm.exe V5.05 update 1 (build 106)
Linker/Locator:  ArmLink.exe V5.05 update 1 (build 106)
Library Manager: ArmAr.exe V5.05 update 1 (build 106)
Hex Converter:   FromElf.exe V5.05 update 1 (build 106)
CPU DLL:         SARMCM3.DLL V5.14.0.0
Dialog DLL:      DCM.DLL V1.13.1.0
Target DLL:      STLink\ST-LINKIII-KEIL_SWO.dll V2.0.14.0_KEIL
Dialog DLL:      TCM.DLL V1.14.4.0
 
<h2>Project:</h2>
D:\Documents\Desktop\MCUBUU\USER\USART.uvprojx
Project File Date:  10/23/2018

<h2>Output:</h2>
Build target 'USART'
compiling main.c...
main.c(39): warning:  #177-D: variable "longitude" was declared but never referenced
        float   longitude       = 0;                            /* 经纬度 */
main.c(40): warning:  #177-D: variable "latitude" was declared but never referenced
        float   latitude        = 0;
main.c(42): warning:  #177-D: variable "get_btn_time" was declared but never referenced
        unsigned int    get_btn_time    = 0, LED_time = 0;      /* 定时器数据 */
main.c(43): warning:  #177-D: variable "send_map_time" was declared but never referenced
        u16             send_map_time   = 0, send_value_time = 0;
main.c: 4 warnings, 0 errors
linking...
Program Size: Code=20206 RO-data=3410 RW-data=1472 ZI-data=3632  
FromELF: creating hex file...
"..\OBJ\USART.axf" - 0 Error(s), 4 Warning(s).

<h2>Collection of Component include folders:</h2>
  D:\Documents\Desktop\MCUBUU\USER\RTE
  E:\MDK5\ARM\PACK\Keil\STM32F1xx_DFP\1.0.5\Device\Include

<h2>Collection of Component Files used:</h2>
</pre>
</body>
</html>
